Archive member included to satisfy reference by file (symbol)

c:/program files (x86)/atmel/studio/7.0/toolchain/avr8/avr8-gnu-toolchain/bin/../lib/gcc/avr/5.4.0/avr5\libgcc.a(_udivmodsi4.o)
                              main.o (__udivmodsi4)
c:/program files (x86)/atmel/studio/7.0/toolchain/avr8/avr8-gnu-toolchain/bin/../lib/gcc/avr/5.4.0/avr5\libgcc.a(_exit.o)
                              C:/Program Files (x86)/Atmel/Studio/7.0/Packs/atmel/ATmega_DFP/1.7.374/gcc/dev/atmega640/avr5/crtatmega640.o (exit)
c:/program files (x86)/atmel/studio/7.0/toolchain/avr8/avr8-gnu-toolchain/bin/../lib/gcc/avr/5.4.0/avr5\libgcc.a(_copy_data.o)
                              main.o (__do_copy_data)
c:/program files (x86)/atmel/studio/7.0/toolchain/avr8/avr8-gnu-toolchain/bin/../lib/gcc/avr/5.4.0/avr5\libgcc.a(_clear_bss.o)
                              main.o (__do_clear_bss)

Discarded input sections

 .data          0x00000000        0x0 C:/Program Files (x86)/Atmel/Studio/7.0/Packs/atmel/ATmega_DFP/1.7.374/gcc/dev/atmega640/avr5/crtatmega640.o
 .bss           0x00000000        0x0 C:/Program Files (x86)/Atmel/Studio/7.0/Packs/atmel/ATmega_DFP/1.7.374/gcc/dev/atmega640/avr5/crtatmega640.o
 .group         0x00000000        0x8 main.o
 .group         0x00000000        0x8 main.o
 .group         0x00000000        0x8 main.o
 .group         0x00000000        0x8 main.o
 .group         0x00000000        0x8 main.o
 .group         0x00000000        0x8 main.o
 .group         0x00000000        0x8 main.o
 .group         0x00000000        0x8 main.o
 .group         0x00000000        0x8 main.o
 .group         0x00000000        0x8 main.o
 .group         0x00000000        0x8 main.o
 .group         0x00000000        0x8 main.o
 .group         0x00000000        0x8 main.o
 .group         0x00000000        0x8 main.o
 .group         0x00000000        0x8 main.o
 .group         0x00000000        0x8 main.o
 .group         0x00000000        0x8 main.o
 .group         0x00000000        0x8 main.o
 .group         0x00000000        0x8 main.o
 .group         0x00000000        0x8 main.o
 .group         0x00000000        0x8 main.o
 .group         0x00000000        0x8 main.o
 .group         0x00000000        0x8 main.o
 .group         0x00000000        0x8 main.o
 .group         0x00000000        0x8 main.o
 .group         0x00000000        0x8 main.o
 .group         0x00000000        0x8 main.o
 .group         0x00000000        0x8 main.o
 .group         0x00000000        0x8 main.o
 .group         0x00000000        0x8 main.o
 .group         0x00000000        0x8 main.o
 .group         0x00000000        0x8 main.o
 .group         0x00000000        0x8 main.o
 .group         0x00000000        0x8 main.o
 .group         0x00000000        0x8 main.o
 .group         0x00000000        0x8 main.o
 .group         0x00000000        0x8 main.o
 .group         0x00000000        0x8 main.o
 .group         0x00000000        0x8 main.o
 .group         0x00000000        0x8 main.o
 .group         0x00000000        0x8 main.o
 .group         0x00000000        0x8 main.o
 .group         0x00000000        0x8 main.o
 .group         0x00000000        0x8 main.o
 .group         0x00000000        0x8 main.o
 .group         0x00000000        0x8 main.o
 .group         0x00000000        0x8 main.o
 .group         0x00000000        0x8 main.o
 .group         0x00000000        0x8 main.o
 .group         0x00000000        0x8 main.o
 .group         0x00000000        0x8 main.o
 .group         0x00000000        0x8 main.o
 .group         0x00000000        0x8 main.o
 .group         0x00000000        0x8 main.o
 .group         0x00000000        0x8 main.o
 .group         0x00000000        0x8 main.o
 .group         0x00000000        0x8 main.o
 .group         0x00000000        0x8 main.o
 .group         0x00000000        0x8 main.o
 .group         0x00000000        0x8 main.o
 .group         0x00000000        0x8 main.o
 .group         0x00000000        0x8 main.o
 .group         0x00000000        0x8 main.o
 .group         0x00000000        0x8 main.o
 .group         0x00000000        0x8 main.o
 .group         0x00000000        0x8 main.o
 .group         0x00000000        0x8 main.o
 .group         0x00000000        0x8 main.o
 .group         0x00000000        0x8 main.o
 .group         0x00000000        0x8 main.o
 .group         0x00000000        0x8 main.o
 .group         0x00000000        0x8 main.o
 .group         0x00000000        0x8 main.o
 .group         0x00000000        0x8 main.o
 .group         0x00000000        0x8 main.o
 .group         0x00000000        0x8 main.o
 .group         0x00000000        0x8 main.o
 .group         0x00000000        0x8 main.o
 .group         0x00000000        0x8 main.o
 .group         0x00000000        0x8 main.o
 .group         0x00000000        0x8 main.o
 .group         0x00000000        0x8 main.o
 .group         0x00000000        0x8 main.o
 .group         0x00000000        0x8 main.o
 .group         0x00000000        0x8 main.o
 .group         0x00000000        0x8 main.o
 .group         0x00000000        0x8 main.o
 .group         0x00000000        0x8 main.o
 .group         0x00000000        0x8 main.o
 .group         0x00000000        0x8 main.o
 .group         0x00000000        0x8 main.o
 .group         0x00000000        0x8 main.o
 .group         0x00000000        0x8 main.o
 .group         0x00000000        0x8 main.o
 .group         0x00000000        0x8 main.o
 .group         0x00000000        0x8 main.o
 .group         0x00000000        0x8 main.o
 .group         0x00000000        0x8 main.o
 .group         0x00000000        0x8 main.o
 .group         0x00000000        0x8 main.o
 .group         0x00000000        0x8 main.o
 .group         0x00000000        0x8 main.o
 .group         0x00000000        0x8 main.o
 .group         0x00000000        0x8 main.o
 .group         0x00000000        0x8 main.o
 .group         0x00000000        0x8 main.o
 .group         0x00000000        0x8 main.o
 .group         0x00000000        0x8 main.o
 .group         0x00000000        0x8 main.o
 .group         0x00000000        0x8 main.o
 .group         0x00000000        0x8 main.o
 .group         0x00000000        0x8 main.o
 .group         0x00000000        0x8 main.o
 .group         0x00000000        0x8 main.o
 .group         0x00000000        0x8 main.o
 .group         0x00000000        0x8 main.o
 .group         0x00000000        0x8 main.o
 .group         0x00000000        0x8 main.o
 .group         0x00000000        0x8 main.o
 .group         0x00000000        0x8 main.o
 .group         0x00000000        0x8 main.o
 .group         0x00000000        0x8 main.o
 .group         0x00000000        0x8 main.o
 .group         0x00000000        0x8 main.o
 .text          0x00000000        0x0 main.o
 .data          0x00000000        0x0 main.o
 .bss           0x00000000        0x0 main.o
 .rodata._ZL10M1_SIDE_UP
                0x00000000        0x1 main.o
 .rodata._ZL12M1_SIDE_DOWN
                0x00000000        0x1 main.o
 .rodata._ZL11M2_POS_LEFT
                0x00000000        0x1 main.o
 .rodata._ZL13M2_POS_MIDDLE
                0x00000000        0x1 main.o
 .rodata._ZL12M2_POS_RIGHT
                0x00000000        0x1 main.o
 .rodata._ZL15M3_SIDE_FORWARD
                0x00000000        0x1 main.o
 .rodata._ZL16M3_SIDE_BACKWARD
                0x00000000        0x1 main.o
 .rodata._ZL13M4_SIDE_CLOSE
                0x00000000        0x1 main.o
 .rodata._ZL12M4_SIDE_OPEN
                0x00000000        0x1 main.o
 .rodata._ZL10M5_SIDE_UP
                0x00000000        0x1 main.o
 .rodata._ZL12M5_SIDE_DOWN
                0x00000000        0x1 main.o
 .text          0x00000000        0x0 c:/program files (x86)/atmel/studio/7.0/toolchain/avr8/avr8-gnu-toolchain/bin/../lib/gcc/avr/5.4.0/avr5\libgcc.a(_udivmodsi4.o)
 .data          0x00000000        0x0 c:/program files (x86)/atmel/studio/7.0/toolchain/avr8/avr8-gnu-toolchain/bin/../lib/gcc/avr/5.4.0/avr5\libgcc.a(_udivmodsi4.o)
 .bss           0x00000000        0x0 c:/program files (x86)/atmel/studio/7.0/toolchain/avr8/avr8-gnu-toolchain/bin/../lib/gcc/avr/5.4.0/avr5\libgcc.a(_udivmodsi4.o)
 .text.libgcc.mul
                0x00000000        0x0 c:/program files (x86)/atmel/studio/7.0/toolchain/avr8/avr8-gnu-toolchain/bin/../lib/gcc/avr/5.4.0/avr5\libgcc.a(_udivmodsi4.o)
 .text.libgcc   0x00000000        0x0 c:/program files (x86)/atmel/studio/7.0/toolchain/avr8/avr8-gnu-toolchain/bin/../lib/gcc/avr/5.4.0/avr5\libgcc.a(_udivmodsi4.o)
 .text.libgcc.prologue
                0x00000000        0x0 c:/program files (x86)/atmel/studio/7.0/toolchain/avr8/avr8-gnu-toolchain/bin/../lib/gcc/avr/5.4.0/avr5\libgcc.a(_udivmodsi4.o)
 .text.libgcc.builtins
                0x00000000        0x0 c:/program files (x86)/atmel/studio/7.0/toolchain/avr8/avr8-gnu-toolchain/bin/../lib/gcc/avr/5.4.0/avr5\libgcc.a(_udivmodsi4.o)
 .text.libgcc.fmul
                0x00000000        0x0 c:/program files (x86)/atmel/studio/7.0/toolchain/avr8/avr8-gnu-toolchain/bin/../lib/gcc/avr/5.4.0/avr5\libgcc.a(_udivmodsi4.o)
 .text.libgcc.fixed
                0x00000000        0x0 c:/program files (x86)/atmel/studio/7.0/toolchain/avr8/avr8-gnu-toolchain/bin/../lib/gcc/avr/5.4.0/avr5\libgcc.a(_udivmodsi4.o)
 .text          0x00000000        0x0 c:/program files (x86)/atmel/studio/7.0/toolchain/avr8/avr8-gnu-toolchain/bin/../lib/gcc/avr/5.4.0/avr5\libgcc.a(_exit.o)
 .data          0x00000000        0x0 c:/program files (x86)/atmel/studio/7.0/toolchain/avr8/avr8-gnu-toolchain/bin/../lib/gcc/avr/5.4.0/avr5\libgcc.a(_exit.o)
 .bss           0x00000000        0x0 c:/program files (x86)/atmel/studio/7.0/toolchain/avr8/avr8-gnu-toolchain/bin/../lib/gcc/avr/5.4.0/avr5\libgcc.a(_exit.o)
 .text.libgcc.mul
                0x00000000        0x0 c:/program files (x86)/atmel/studio/7.0/toolchain/avr8/avr8-gnu-toolchain/bin/../lib/gcc/avr/5.4.0/avr5\libgcc.a(_exit.o)
 .text.libgcc.div
                0x00000000        0x0 c:/program files (x86)/atmel/studio/7.0/toolchain/avr8/avr8-gnu-toolchain/bin/../lib/gcc/avr/5.4.0/avr5\libgcc.a(_exit.o)
 .text.libgcc   0x00000000        0x0 c:/program files (x86)/atmel/studio/7.0/toolchain/avr8/avr8-gnu-toolchain/bin/../lib/gcc/avr/5.4.0/avr5\libgcc.a(_exit.o)
 .text.libgcc.prologue
                0x00000000        0x0 c:/program files (x86)/atmel/studio/7.0/toolchain/avr8/avr8-gnu-toolchain/bin/../lib/gcc/avr/5.4.0/avr5\libgcc.a(_exit.o)
 .text.libgcc.builtins
                0x00000000        0x0 c:/program files (x86)/atmel/studio/7.0/toolchain/avr8/avr8-gnu-toolchain/bin/../lib/gcc/avr/5.4.0/avr5\libgcc.a(_exit.o)
 .text.libgcc.fmul
                0x00000000        0x0 c:/program files (x86)/atmel/studio/7.0/toolchain/avr8/avr8-gnu-toolchain/bin/../lib/gcc/avr/5.4.0/avr5\libgcc.a(_exit.o)
 .text.libgcc.fixed
                0x00000000        0x0 c:/program files (x86)/atmel/studio/7.0/toolchain/avr8/avr8-gnu-toolchain/bin/../lib/gcc/avr/5.4.0/avr5\libgcc.a(_exit.o)
 .text          0x00000000        0x0 c:/program files (x86)/atmel/studio/7.0/toolchain/avr8/avr8-gnu-toolchain/bin/../lib/gcc/avr/5.4.0/avr5\libgcc.a(_copy_data.o)
 .data          0x00000000        0x0 c:/program files (x86)/atmel/studio/7.0/toolchain/avr8/avr8-gnu-toolchain/bin/../lib/gcc/avr/5.4.0/avr5\libgcc.a(_copy_data.o)
 .bss           0x00000000        0x0 c:/program files (x86)/atmel/studio/7.0/toolchain/avr8/avr8-gnu-toolchain/bin/../lib/gcc/avr/5.4.0/avr5\libgcc.a(_copy_data.o)
 .text.libgcc.mul
                0x00000000        0x0 c:/program files (x86)/atmel/studio/7.0/toolchain/avr8/avr8-gnu-toolchain/bin/../lib/gcc/avr/5.4.0/avr5\libgcc.a(_copy_data.o)
 .text.libgcc.div
                0x00000000        0x0 c:/program files (x86)/atmel/studio/7.0/toolchain/avr8/avr8-gnu-toolchain/bin/../lib/gcc/avr/5.4.0/avr5\libgcc.a(_copy_data.o)
 .text.libgcc   0x00000000        0x0 c:/program files (x86)/atmel/studio/7.0/toolchain/avr8/avr8-gnu-toolchain/bin/../lib/gcc/avr/5.4.0/avr5\libgcc.a(_copy_data.o)
 .text.libgcc.prologue
                0x00000000        0x0 c:/program files (x86)/atmel/studio/7.0/toolchain/avr8/avr8-gnu-toolchain/bin/../lib/gcc/avr/5.4.0/avr5\libgcc.a(_copy_data.o)
 .text.libgcc.builtins
                0x00000000        0x0 c:/program files (x86)/atmel/studio/7.0/toolchain/avr8/avr8-gnu-toolchain/bin/../lib/gcc/avr/5.4.0/avr5\libgcc.a(_copy_data.o)
 .text.libgcc.fmul
                0x00000000        0x0 c:/program files (x86)/atmel/studio/7.0/toolchain/avr8/avr8-gnu-toolchain/bin/../lib/gcc/avr/5.4.0/avr5\libgcc.a(_copy_data.o)
 .text.libgcc.fixed
                0x00000000        0x0 c:/program files (x86)/atmel/studio/7.0/toolchain/avr8/avr8-gnu-toolchain/bin/../lib/gcc/avr/5.4.0/avr5\libgcc.a(_copy_data.o)
 .text          0x00000000        0x0 c:/program files (x86)/atmel/studio/7.0/toolchain/avr8/avr8-gnu-toolchain/bin/../lib/gcc/avr/5.4.0/avr5\libgcc.a(_clear_bss.o)
 .data          0x00000000        0x0 c:/program files (x86)/atmel/studio/7.0/toolchain/avr8/avr8-gnu-toolchain/bin/../lib/gcc/avr/5.4.0/avr5\libgcc.a(_clear_bss.o)
 .bss           0x00000000        0x0 c:/program files (x86)/atmel/studio/7.0/toolchain/avr8/avr8-gnu-toolchain/bin/../lib/gcc/avr/5.4.0/avr5\libgcc.a(_clear_bss.o)
 .text.libgcc.mul
                0x00000000        0x0 c:/program files (x86)/atmel/studio/7.0/toolchain/avr8/avr8-gnu-toolchain/bin/../lib/gcc/avr/5.4.0/avr5\libgcc.a(_clear_bss.o)
 .text.libgcc.div
                0x00000000        0x0 c:/program files (x86)/atmel/studio/7.0/toolchain/avr8/avr8-gnu-toolchain/bin/../lib/gcc/avr/5.4.0/avr5\libgcc.a(_clear_bss.o)
 .text.libgcc   0x00000000        0x0 c:/program files (x86)/atmel/studio/7.0/toolchain/avr8/avr8-gnu-toolchain/bin/../lib/gcc/avr/5.4.0/avr5\libgcc.a(_clear_bss.o)
 .text.libgcc.prologue
                0x00000000        0x0 c:/program files (x86)/atmel/studio/7.0/toolchain/avr8/avr8-gnu-toolchain/bin/../lib/gcc/avr/5.4.0/avr5\libgcc.a(_clear_bss.o)
 .text.libgcc.builtins
                0x00000000        0x0 c:/program files (x86)/atmel/studio/7.0/toolchain/avr8/avr8-gnu-toolchain/bin/../lib/gcc/avr/5.4.0/avr5\libgcc.a(_clear_bss.o)
 .text.libgcc.fmul
                0x00000000        0x0 c:/program files (x86)/atmel/studio/7.0/toolchain/avr8/avr8-gnu-toolchain/bin/../lib/gcc/avr/5.4.0/avr5\libgcc.a(_clear_bss.o)
 .text.libgcc.fixed
                0x00000000        0x0 c:/program files (x86)/atmel/studio/7.0/toolchain/avr8/avr8-gnu-toolchain/bin/../lib/gcc/avr/5.4.0/avr5\libgcc.a(_clear_bss.o)

Memory Configuration

Name             Origin             Length             Attributes
text             0x00000000         0x00010000         xr
data             0x00800200         0x00002000         rw !x
eeprom           0x00810000         0x00001000         rw !x
fuse             0x00820000         0x00000003         rw !x
lock             0x00830000         0x00000400         rw !x
signature        0x00840000         0x00000400         rw !x
user_signatures  0x00850000         0x00000400         rw !x
*default*        0x00000000         0xffffffff

Linker script and memory map

Address of section .data set to 0x800200
LOAD C:/Program Files (x86)/Atmel/Studio/7.0/Packs/atmel/ATmega_DFP/1.7.374/gcc/dev/atmega640/avr5/crtatmega640.o
LOAD main.o
START GROUP
LOAD c:/program files (x86)/atmel/studio/7.0/toolchain/avr8/avr8-gnu-toolchain/bin/../lib/gcc/avr/5.4.0/../../../../avr/lib/avr5\libm.a
END GROUP
LOAD c:/program files (x86)/atmel/studio/7.0/toolchain/avr8/avr8-gnu-toolchain/bin/../lib/gcc/avr/5.4.0/avr5\libgcc.a
LOAD c:/program files (x86)/atmel/studio/7.0/toolchain/avr8/avr8-gnu-toolchain/bin/../lib/gcc/avr/5.4.0/../../../../avr/lib/avr5\libm.a
START GROUP
LOAD c:/program files (x86)/atmel/studio/7.0/toolchain/avr8/avr8-gnu-toolchain/bin/../lib/gcc/avr/5.4.0/avr5\libgcc.a
LOAD c:/program files (x86)/atmel/studio/7.0/toolchain/avr8/avr8-gnu-toolchain/bin/../lib/gcc/avr/5.4.0/../../../../avr/lib/avr5\libm.a
LOAD c:/program files (x86)/atmel/studio/7.0/toolchain/avr8/avr8-gnu-toolchain/bin/../lib/gcc/avr/5.4.0/../../../../avr/lib/avr5\libc.a
LOAD C:/Program Files (x86)/Atmel/Studio/7.0/Packs/atmel/ATmega_DFP/1.7.374/gcc/dev/atmega640/avr5\libatmega640.a
END GROUP
                0x00000000                __TEXT_REGION_ORIGIN__ = DEFINED (__TEXT_REGION_ORIGIN__)?__TEXT_REGION_ORIGIN__:0x0
                [0x00800200]                __DATA_REGION_ORIGIN__ = DEFINED (__DATA_REGION_ORIGIN__)?__DATA_REGION_ORIGIN__:0x800060
                [0x00010000]                __TEXT_REGION_LENGTH__ = DEFINED (__TEXT_REGION_LENGTH__)?__TEXT_REGION_LENGTH__:0x20000
                [0x00002000]                __DATA_REGION_LENGTH__ = DEFINED (__DATA_REGION_LENGTH__)?__DATA_REGION_LENGTH__:0xffa0
                [0x00001000]                __EEPROM_REGION_LENGTH__ = DEFINED (__EEPROM_REGION_LENGTH__)?__EEPROM_REGION_LENGTH__:0x10000
                [0x00000003]                __FUSE_REGION_LENGTH__ = DEFINED (__FUSE_REGION_LENGTH__)?__FUSE_REGION_LENGTH__:0x400
                0x00000400                __LOCK_REGION_LENGTH__ = DEFINED (__LOCK_REGION_LENGTH__)?__LOCK_REGION_LENGTH__:0x400
                0x00000400                __SIGNATURE_REGION_LENGTH__ = DEFINED (__SIGNATURE_REGION_LENGTH__)?__SIGNATURE_REGION_LENGTH__:0x400
                0x00000400                __USER_SIGNATURE_REGION_LENGTH__ = DEFINED (__USER_SIGNATURE_REGION_LENGTH__)?__USER_SIGNATURE_REGION_LENGTH__:0x400

.hash
 *(.hash)

.dynsym
 *(.dynsym)

.dynstr
 *(.dynstr)

.gnu.version
 *(.gnu.version)

.gnu.version_d
 *(.gnu.version_d)

.gnu.version_r
 *(.gnu.version_r)

.rel.init
 *(.rel.init)

.rela.init
 *(.rela.init)

.rel.text
 *(.rel.text)
 *(.rel.text.*)
 *(.rel.gnu.linkonce.t*)

.rela.text
 *(.rela.text)
 *(.rela.text.*)
 *(.rela.gnu.linkonce.t*)

.rel.fini
 *(.rel.fini)

.rela.fini
 *(.rela.fini)

.rel.rodata
 *(.rel.rodata)
 *(.rel.rodata.*)
 *(.rel.gnu.linkonce.r*)

.rela.rodata
 *(.rela.rodata)
 *(.rela.rodata.*)
 *(.rela.gnu.linkonce.r*)

.rel.data
 *(.rel.data)
 *(.rel.data.*)
 *(.rel.gnu.linkonce.d*)

.rela.data
 *(.rela.data)
 *(.rela.data.*)
 *(.rela.gnu.linkonce.d*)

.rel.ctors
 *(.rel.ctors)

.rela.ctors
 *(.rela.ctors)

.rel.dtors
 *(.rel.dtors)

.rela.dtors
 *(.rela.dtors)

.rel.got
 *(.rel.got)

.rela.got
 *(.rela.got)

.rel.bss
 *(.rel.bss)

.rela.bss
 *(.rela.bss)

.rel.plt
 *(.rel.plt)

.rela.plt
 *(.rela.plt)

.text           0x00000000     0x457e
 *(.vectors)
 .vectors       0x00000000       0xe4 C:/Program Files (x86)/Atmel/Studio/7.0/Packs/atmel/ATmega_DFP/1.7.374/gcc/dev/atmega640/avr5/crtatmega640.o
                0x00000000                __vector_default
                0x00000000                __vectors
 *(.vectors)
 *(.progmem.gcc*)
                0x000000e4                . = ALIGN (0x2)
                0x000000e4                __trampolines_start = .
 *(.trampolines)
 .trampolines   0x000000e4        0x0 linker stubs
 *(.trampolines*)
                0x000000e4                __trampolines_end = .
 *libprintf_flt.a:*(.progmem.data)
 *libc.a:*(.progmem.data)
 *(.progmem*)
                0x000000e4                . = ALIGN (0x2)
 *(.jumptables)
 *(.jumptables*)
 *(.lowtext)
 *(.lowtext*)
                0x000000e4                __ctors_start = .
 *(.ctors)
                0x000000e4                __ctors_end = .
                0x000000e4                __dtors_start = .
 *(.dtors)
                0x000000e4                __dtors_end = .
 SORT(*)(.ctors)
 SORT(*)(.dtors)
 *(.init0)
 .init0         0x000000e4        0x0 C:/Program Files (x86)/Atmel/Studio/7.0/Packs/atmel/ATmega_DFP/1.7.374/gcc/dev/atmega640/avr5/crtatmega640.o
                0x000000e4                __init
 *(.init0)
 *(.init1)
 *(.init1)
 *(.init2)
 .init2         0x000000e4        0xc C:/Program Files (x86)/Atmel/Studio/7.0/Packs/atmel/ATmega_DFP/1.7.374/gcc/dev/atmega640/avr5/crtatmega640.o
 *(.init2)
 *(.init3)
 *(.init3)
 *(.init4)
 .init4         0x000000f0       0x16 c:/program files (x86)/atmel/studio/7.0/toolchain/avr8/avr8-gnu-toolchain/bin/../lib/gcc/avr/5.4.0/avr5\libgcc.a(_copy_data.o)
                0x000000f0                __do_copy_data
 .init4         0x00000106       0x10 c:/program files (x86)/atmel/studio/7.0/toolchain/avr8/avr8-gnu-toolchain/bin/../lib/gcc/avr/5.4.0/avr5\libgcc.a(_clear_bss.o)
                0x00000106                __do_clear_bss
 *(.init4)
 *(.init5)
 *(.init5)
 *(.init6)
 *(.init6)
 *(.init7)
 *(.init7)
 *(.init8)
 *(.init8)
 *(.init9)
 .init9         0x00000116        0x8 C:/Program Files (x86)/Atmel/Studio/7.0/Packs/atmel/ATmega_DFP/1.7.374/gcc/dev/atmega640/avr5/crtatmega640.o
 *(.init9)
 *(.text)
 .text          0x0000011e        0x4 C:/Program Files (x86)/Atmel/Studio/7.0/Packs/atmel/ATmega_DFP/1.7.374/gcc/dev/atmega640/avr5/crtatmega640.o
                0x0000011e                __vector_38
                0x0000011e                __vector_22
                0x0000011e                __vector_28
                0x0000011e                __vector_1
                0x0000011e                __vector_32
                0x0000011e                __vector_34
                0x0000011e                __vector_24
                0x0000011e                __vector_12
                0x0000011e                __vector_55
                0x0000011e                __vector_46
                0x0000011e                __bad_interrupt
                0x0000011e                __vector_6
                0x0000011e                __vector_31
                0x0000011e                __vector_35
                0x0000011e                __vector_39
                0x0000011e                __vector_3
                0x0000011e                __vector_23
                0x0000011e                __vector_30
                0x0000011e                __vector_45
                0x0000011e                __vector_25
                0x0000011e                __vector_54
                0x0000011e                __vector_13
                0x0000011e                __vector_17
                0x0000011e                __vector_19
                0x0000011e                __vector_56
                0x0000011e                __vector_7
                0x0000011e                __vector_49
                0x0000011e                __vector_41
                0x0000011e                __vector_43
                0x0000011e                __vector_27
                0x0000011e                __vector_5
                0x0000011e                __vector_33
                0x0000011e                __vector_47
                0x0000011e                __vector_52
                0x0000011e                __vector_37
                0x0000011e                __vector_4
                0x0000011e                __vector_44
                0x0000011e                __vector_51
                0x0000011e                __vector_9
                0x0000011e                __vector_2
                0x0000011e                __vector_21
                0x0000011e                __vector_15
                0x0000011e                __vector_36
                0x0000011e                __vector_29
                0x0000011e                __vector_40
                0x0000011e                __vector_8
                0x0000011e                __vector_26
                0x0000011e                __vector_48
                0x0000011e                __vector_14
                0x0000011e                __vector_53
                0x0000011e                __vector_10
                0x0000011e                __vector_50
                0x0000011e                __vector_16
                0x0000011e                __vector_18
                0x0000011e                __vector_20
                0x00000122                . = ALIGN (0x2)
 *(.text.*)
 .text._ZN7DisplayC2EPPVhS2_PhS1_S1_h
                0x00000122      0x152 main.o
                0x00000122                _ZN7DisplayC1EPPVhS2_PhS1_S1_h
                0x00000122                _ZN7DisplayC2EPPVhS2_PhS1_S1_h
 .text._ZN7Display4initEv
                0x00000274      0x12a main.o
                0x00000274                _ZN7Display4initEv
 .text._ZN7Display5clearEv
                0x0000039e       0x82 main.o
                0x0000039e                _ZN7Display5clearEv
 .text._ZN7Display10printDigitEh
                0x00000420      0x11a main.o
                0x00000420                _ZN7Display10printDigitEh
 .text._ZN7Display8setScoreEh
                0x0000053a       0x34 main.o
                0x0000053a                _ZN7Display8setScoreEh
 .text._ZN7Display7refreshEv
                0x0000056e       0xf0 main.o
                0x0000056e                _ZN7Display7refreshEv
 .text._ZN7Display6updateEmb
                0x0000065e       0xc0 main.o
                0x0000065e                _ZN7Display6updateEmb
 .text._ZN3LedC2EPVhS1_h
                0x0000071e       0x88 main.o
                0x0000071e                _ZN3LedC1EPVhS1_h
                0x0000071e                _ZN3LedC2EPVhS1_h
 .text._ZN3Led4initEv
                0x000007a6       0x6a main.o
                0x000007a6                _ZN3Led4initEv
 .text._ZN3Led2onEv
                0x00000810       0x4a main.o
                0x00000810                _ZN3Led2onEv
 .text._ZN3Led3offEv
                0x0000085a       0x4c main.o
                0x0000085a                _ZN3Led3offEv
 .text._ZN3Led6toggleEv
                0x000008a6       0x40 main.o
                0x000008a6                _ZN3Led6toggleEv
 .text._ZN3Led6updateEmb
                0x000008e6       0xf2 main.o
                0x000008e6                _ZN3Led6updateEmb
 .text._ZN11LimitSwitchC2EPVhS1_S1_h
                0x000009d8       0x98 main.o
                0x000009d8                _ZN11LimitSwitchC1EPVhS1_S1_h
                0x000009d8                _ZN11LimitSwitchC2EPVhS1_S1_h
 .text._ZN11LimitSwitch4initEv
                0x00000a70       0x6a main.o
                0x00000a70                _ZN11LimitSwitch4initEv
 .text._ZN11LimitSwitch6updateEm
                0x00000ada      0x134 main.o
                0x00000ada                _ZN11LimitSwitch6updateEm
 .text._ZN11LimitSwitch9isPressedEv
                0x00000c0e       0x20 main.o
                0x00000c0e                _ZN11LimitSwitch9isPressedEv
 .text._ZN11LimitSwitch12consumePressEv
                0x00000c2e       0x32 main.o
                0x00000c2e                _ZN11LimitSwitch12consumePressEv
 .text._ZN11LimitSwitch13forceReleasedEv
                0x00000c60       0x32 main.o
                0x00000c60                _ZN11LimitSwitch13forceReleasedEv
 .text._ZN5MotorC2EPVhS1_hS1_S1_hS1_P11LimitSwitch
                0x00000c92      0x11a main.o
                0x00000c92                _ZN5MotorC2EPVhS1_hS1_S1_hS1_P11LimitSwitch
                0x00000c92                _ZN5MotorC1EPVhS1_hS1_S1_hS1_P11LimitSwitch
 .text._ZN5Motor4initEv
                0x00000dac       0xc8 main.o
                0x00000dac                _ZN5Motor4initEv
 .text._ZN5Motor13setEscapeTimeEm
                0x00000e74       0x44 main.o
                0x00000e74                _ZN5Motor13setEscapeTimeEm
 .text._ZN5Motor4moveEbmh
                0x00000eb8      0x11c main.o
                0x00000eb8                _ZN5Motor4moveEbmh
 .text._ZN5Motor4stopEv
                0x00000fd4       0x38 main.o
                0x00000fd4                _ZN5Motor4stopEv
 .text._ZN5Motor6updateEm
                0x0000100c      0x11c main.o
                0x0000100c                _ZN5Motor6updateEm
 .text._ZN5Motor8isMovingEv
                0x00001128       0x20 main.o
                0x00001128                _ZN5Motor8isMovingEv
 .text._ZN5Motor4isAtENS_4SideE
                0x00001148       0x42 main.o
                0x00001148                _ZN5Motor4isAtENS_4SideE
 .text._ZN12LimitSwitch3C2EPVhS1_S1_h
                0x0000118a       0xa8 main.o
                0x0000118a                _ZN12LimitSwitch3C1EPVhS1_S1_h
                0x0000118a                _ZN12LimitSwitch3C2EPVhS1_S1_h
 .text._ZN12LimitSwitch34initEv
                0x00001232       0x6a main.o
                0x00001232                _ZN12LimitSwitch34initEv
 .text._ZN12LimitSwitch36updateEm
                0x0000129c      0x144 main.o
                0x0000129c                _ZN12LimitSwitch36updateEm
 .text._ZN12LimitSwitch39isPressedEv
                0x000013e0       0x20 main.o
                0x000013e0                _ZN12LimitSwitch39isPressedEv
 .text._ZN12LimitSwitch312consumePressEv
                0x00001400       0x32 main.o
                0x00001400                _ZN12LimitSwitch312consumePressEv
 .text._ZN12LimitSwitch311getPositionEv
                0x00001432       0x20 main.o
                0x00001432                _ZN12LimitSwitch311getPositionEv
 .text._ZN12LimitSwitch315setNextExpectedENS_8PositionE
                0x00001452       0x2a main.o
                0x00001452                _ZN12LimitSwitch315setNextExpectedENS_8PositionE
 .text._ZN12LimitSwitch312forcePressedENS_8PositionE
                0x0000147c       0x50 main.o
                0x0000147c                _ZN12LimitSwitch312forcePressedENS_8PositionE
 .text._ZN12LimitSwitch313forceReleasedEv
                0x000014cc       0x32 main.o
                0x000014cc                _ZN12LimitSwitch313forceReleasedEv
 .text._ZN6Motor2C2EPVhS1_hS1_S1_hS1_P12LimitSwitch3
                0x000014fe      0x122 main.o
                0x000014fe                _ZN6Motor2C2EPVhS1_hS1_S1_hS1_P12LimitSwitch3
                0x000014fe                _ZN6Motor2C1EPVhS1_hS1_S1_hS1_P12LimitSwitch3
 .text._ZN6Motor24initEv
                0x00001620       0xc8 main.o
                0x00001620                _ZN6Motor24initEv
 .text._ZN6Motor211startHomingEbN12LimitSwitch38PositionEmh
                0x000016e8      0x124 main.o
                0x000016e8                _ZN6Motor211startHomingEbN12LimitSwitch38PositionEmh
 .text._ZN6Motor24moveEbN12LimitSwitch38PositionEmh
                0x0000180c      0x128 main.o
                0x0000180c                _ZN6Motor24moveEbN12LimitSwitch38PositionEmh
 .text._ZN6Motor24stopEv
                0x00001934       0x38 main.o
                0x00001934                _ZN6Motor24stopEv
 .text._ZN6Motor26updateEm
                0x0000196c      0x2e0 main.o
                0x0000196c                _ZN6Motor26updateEm
 .text._ZN6Motor24isAtEN12LimitSwitch38PositionE
                0x00001c4c       0x5e main.o
                0x00001c4c                _ZN6Motor24isAtEN12LimitSwitch38PositionE
 .text._ZN6Motor28isMovingEv
                0x00001caa       0x20 main.o
                0x00001caa                _ZN6Motor28isMovingEv
 .text._ZN6Motor219computeNextExpectedEb
                0x00001cca       0x76 main.o
                0x00001cca                _ZN6Motor219computeNextExpectedEb
 .text._ZN11PinsManagerC2Ev
                0x00001d40       0x2c main.o
                0x00001d40                _ZN11PinsManagerC1Ev
                0x00001d40                _ZN11PinsManagerC2Ev
 .text._ZN11PinsManager4initEv
                0x00001d6c       0x62 main.o
                0x00001d6c                _ZN11PinsManager4initEv
 .text._ZN11PinsManager11onInterruptEv
                0x00001dce       0xc0 main.o
                0x00001dce                _ZN11PinsManager11onInterruptEv
 .text._ZN11PinsManager8getScoreEv
                0x00001e8e       0x20 main.o
                0x00001e8e                _ZN11PinsManager8getScoreEv
 .text._ZN11PinsManager5resetEv
                0x00001eae       0x2c main.o
                0x00001eae                _ZN11PinsManager5resetEv
 .text._ZN10SwitchUserC2EPVhS1_S1_h
                0x00001eda       0xd0 main.o
                0x00001eda                _ZN10SwitchUserC2EPVhS1_S1_h
                0x00001eda                _ZN10SwitchUserC1EPVhS1_S1_h
 .text._ZN10SwitchUser4initEv
                0x00001faa       0x6a main.o
                0x00001faa                _ZN10SwitchUser4initEv
 .text._ZN10SwitchUser6updateEm
                0x00002014      0x136 main.o
                0x00002014                _ZN10SwitchUser6updateEm
 .text._ZN10SwitchUser12consumeClickEv
                0x0000214a       0x32 main.o
                0x0000214a                _ZN10SwitchUser12consumeClickEv
 .text._ZN5TimerC2Ev
                0x0000217c       0x28 main.o
                0x0000217c                _ZN5TimerC2Ev
                0x0000217c                _ZN5TimerC1Ev
 .text._ZN5Timer4initEv
                0x000021a4       0x94 main.o
                0x000021a4                _ZN5Timer4initEv
 .text._ZN5Timer7addTickEv
                0x00002238       0x3c main.o
                0x00002238                _ZN5Timer7addTickEv
 .text._ZN5Timer6millisEv
                0x00002274       0x62 main.o
                0x00002274                _ZN5Timer6millisEv
 .text._ZN6StatusC2Ev
                0x000022d6       0x5e main.o
                0x000022d6                _ZN6StatusC1Ev
                0x000022d6                _ZN6StatusC2Ev
 .text._ZN6Status8setStateE6States
                0x00002334       0x2a main.o
                0x00002334                _ZN6Status8setStateE6States
 .text._ZN6Status8getStateEv
                0x0000235e       0x20 main.o
                0x0000235e                _ZN6Status8getStateEv
 .text._ZN6Status14update_sensorsEv
                0x0000237e      0x280 main.o
                0x0000237e                _ZN6Status14update_sensorsEv
 .text._ZN15StateActionBaseC2EP6Status
                0x000025fe       0x40 main.o
                0x000025fe                _ZN15StateActionBaseC1EP6Status
                0x000025fe                _ZN15StateActionBaseC2EP6Status
 .text._ZN15StateActionBase17check_transitionsEv
                0x0000263e       0x1a main.o
                0x0000263e                _ZN15StateActionBase17check_transitionsEv
 .text._ZN15StateActionBase5entryEv
                0x00002658       0x1a main.o
                0x00002658                _ZN15StateActionBase5entryEv
 .text._ZN15StateActionBase3runEv
                0x00002672       0x1a main.o
                0x00002672                _ZN15StateActionBase3runEv
 .text._ZN15StateActionBase4exitEv
                0x0000268c       0x1a main.o
                0x0000268c                _ZN15StateActionBase4exitEv
 .text._ZN9InitStateC2EP6Status
                0x000026a6       0x40 main.o
                0x000026a6                _ZN9InitStateC2EP6Status
                0x000026a6                _ZN9InitStateC1EP6Status
 .text._ZN9InitState5entryEv
                0x000026e6      0x20e main.o
                0x000026e6                _ZN9InitState5entryEv
 .text._ZN9InitState17check_transitionsEv
                0x000028f4       0x1a main.o
                0x000028f4                _ZN9InitState17check_transitionsEv
 .text._ZN16CalibrationState8m1_at_upEv
                0x0000290e       0x56 main.o
                0x0000290e                _ZN16CalibrationState8m1_at_upEv
 .text._ZN16CalibrationState10m4_at_openEv
                0x00002964       0x56 main.o
                0x00002964                _ZN16CalibrationState10m4_at_openEv
 .text._ZN16CalibrationStateC2EP6Status
                0x000029ba       0x50 main.o
                0x000029ba                _ZN16CalibrationStateC2EP6Status
                0x000029ba                _ZN16CalibrationStateC1EP6Status
 .text._ZN16CalibrationState5entryEv
                0x00002a0a      0x11e main.o
                0x00002a0a                _ZN16CalibrationState5entryEv
 .text._ZN16CalibrationState3runEv
                0x00002b28      0x104 main.o
                0x00002b28                _ZN16CalibrationState3runEv
 .text._ZN16CalibrationState17check_transitionsEv
                0x00002c2c       0xaa main.o
                0x00002c2c                _ZN16CalibrationState17check_transitionsEv
 .text._ZN9IdleStateC2EP6Status
                0x00002cd6       0x40 main.o
                0x00002cd6                _ZN9IdleStateC1EP6Status
                0x00002cd6                _ZN9IdleStateC2EP6Status
 .text._ZN9IdleState5entryEv
                0x00002d16       0x3c main.o
                0x00002d16                _ZN9IdleState5entryEv
 .text._ZN9IdleState17check_transitionsEv
                0x00002d52       0x36 main.o
                0x00002d52                _ZN9IdleState17check_transitionsEv
 .text._ZN9IdleState4exitEv
                0x00002d88       0x96 main.o
                0x00002d88                _ZN9IdleState4exitEv
 .text._ZN10CargaStateC2EP6Status
                0x00002e1e       0x5e main.o
                0x00002e1e                _ZN10CargaStateC2EP6Status
                0x00002e1e                _ZN10CargaStateC1EP6Status
 .text._ZN10CargaState5entryEv
                0x00002e7c       0xd4 main.o
                0x00002e7c                _ZN10CargaState5entryEv
 .text._ZN10CargaState3runEv
                0x00002f50      0x442 main.o
                0x00002f50                _ZN10CargaState3runEv
 .text._ZN10CargaState17check_transitionsEv
                0x00003392       0x36 main.o
                0x00003392                _ZN10CargaState17check_transitionsEv
 .text._ZN11ArmadoStateC2EP6Status
                0x000033c8       0x4a main.o
                0x000033c8                _ZN11ArmadoStateC2EP6Status
                0x000033c8                _ZN11ArmadoStateC1EP6Status
 .text._ZN11ArmadoState5entryEv
                0x00003412       0x8c main.o
                0x00003412                _ZN11ArmadoState5entryEv
 .text._ZN11ArmadoState3runEv
                0x0000349e      0x1ae main.o
                0x0000349e                _ZN11ArmadoState3runEv
 .text._ZN11ArmadoState17check_transitionsEv
                0x0000364c       0x36 main.o
                0x0000364c                _ZN11ArmadoState17check_transitionsEv
 .text._ZN11ArmadoState4exitEv
                0x00003682       0x42 main.o
                0x00003682                _ZN11ArmadoState4exitEv
 .text._ZN12DisparoStateC2EP6Status
                0x000036c4       0x56 main.o
                0x000036c4                _ZN12DisparoStateC1EP6Status
                0x000036c4                _ZN12DisparoStateC2EP6Status
 .text._ZN12DisparoState5entryEv
                0x0000371a       0x96 main.o
                0x0000371a                _ZN12DisparoState5entryEv
 .text._ZN12DisparoState3runEv
                0x000037b0      0x106 main.o
                0x000037b0                _ZN12DisparoState3runEv
 .text._ZN12DisparoState17check_transitionsEv
                0x000038b6       0x9a main.o
                0x000038b6                _ZN12DisparoState17check_transitionsEv
 .text._ZN12DisparoState4exitEv
                0x00003950       0x86 main.o
                0x00003950                _ZN12DisparoState4exitEv
 .text._ZN12RetornoStateC2EP6Status
                0x000039d6       0x50 main.o
                0x000039d6                _ZN12RetornoStateC1EP6Status
                0x000039d6                _ZN12RetornoStateC2EP6Status
 .text._ZN12RetornoState5entryEv
                0x00003a26       0xbe main.o
                0x00003a26                _ZN12RetornoState5entryEv
 .text._ZN12RetornoState3runEv
                0x00003ae4      0x25c main.o
                0x00003ae4                _ZN12RetornoState3runEv
 .text._ZN12RetornoState17check_transitionsEv
                0x00003d40       0x8e main.o
                0x00003d40                _ZN12RetornoState17check_transitionsEv
 .text._ZN12StateMachineC2Ev
                0x00003dce      0x140 main.o
                0x00003dce                _ZN12StateMachineC2Ev
                0x00003dce                _ZN12StateMachineC1Ev
 .text._ZN12StateMachine4stepEv
                0x00003f0e      0x11c main.o
                0x00003f0e                _ZN12StateMachine4stepEv
 .text._ZN12StateMachine5startEv
                0x0000402a       0x4e main.o
                0x0000402a                _ZN12StateMachine5startEv
 .text._ZN12StateMachine10get_statusEv
                0x00004078       0x1c main.o
                0x00004078                _ZN12StateMachine10get_statusEv
 .text.__vector_11
                0x00004094       0x6e main.o
                0x00004094                __vector_11
 .text.__vector_42
                0x00004102       0x6e main.o
                0x00004102                __vector_42
 .text.main     0x00004170      0x3c6 main.o
                0x00004170                main
 .text.libgcc.div
                0x00004536       0x44 c:/program files (x86)/atmel/studio/7.0/toolchain/avr8/avr8-gnu-toolchain/bin/../lib/gcc/avr/5.4.0/avr5\libgcc.a(_udivmodsi4.o)
                0x00004536                __udivmodsi4
                0x0000457a                . = ALIGN (0x2)
 *(.fini9)
 .fini9         0x0000457a        0x0 c:/program files (x86)/atmel/studio/7.0/toolchain/avr8/avr8-gnu-toolchain/bin/../lib/gcc/avr/5.4.0/avr5\libgcc.a(_exit.o)
                0x0000457a                _exit
                0x0000457a                exit
 *(.fini9)
 *(.fini8)
 *(.fini8)
 *(.fini7)
 *(.fini7)
 *(.fini6)
 *(.fini6)
 *(.fini5)
 *(.fini5)
 *(.fini4)
 *(.fini4)
 *(.fini3)
 *(.fini3)
 *(.fini2)
 *(.fini2)
 *(.fini1)
 *(.fini1)
 *(.fini0)
 .fini0         0x0000457a        0x4 c:/program files (x86)/atmel/studio/7.0/toolchain/avr8/avr8-gnu-toolchain/bin/../lib/gcc/avr/5.4.0/avr5\libgcc.a(_exit.o)
 *(.fini0)
                0x0000457e                _etext = .

.data           0x00800200       0x8e load address 0x0000457e
                0x00800200                PROVIDE (__data_start, .)
 *(.data)
 *(.data*)
 *(.gnu.linkonce.d*)
 *(.rodata)
 .rodata        0x00800200       0x2d main.o
 *(.rodata*)
 .rodata._ZTV12RetornoState
                0x0080022d        0xc main.o
                0x0080022d                _ZTV12RetornoState
 .rodata._ZTV12DisparoState
                0x00800239        0xc main.o
                0x00800239                _ZTV12DisparoState
 .rodata._ZTV11ArmadoState
                0x00800245        0xc main.o
                0x00800245                _ZTV11ArmadoState
 .rodata._ZTV10CargaState
                0x00800251        0xc main.o
                0x00800251                _ZTV10CargaState
 .rodata._ZTV9IdleState
                0x0080025d        0xc main.o
                0x0080025d                _ZTV9IdleState
 .rodata._ZTV16CalibrationState
                0x00800269        0xc main.o
                0x00800269                _ZTV16CalibrationState
 .rodata._ZTV9InitState
                0x00800275        0xc main.o
                0x00800275                _ZTV9InitState
 .rodata._ZTV15StateActionBase
                0x00800281        0xc main.o
                0x00800281                _ZTV15StateActionBase
 *(.gnu.linkonce.r*)
                0x0080028e                . = ALIGN (0x2)
 *fill*         0x0080028d        0x1 
                0x0080028e                _edata = .
                0x0080028e                PROVIDE (__data_end, .)

.bss            0x0080028e        0x4
                0x0080028e                PROVIDE (__bss_start, .)
 *(.bss)
 *(.bss*)
 .bss.pinsPtr   0x0080028e        0x2 main.o
                0x0080028e                pinsPtr
 .bss.timerPtr  0x00800290        0x2 main.o
                0x00800290                timerPtr
 *(COMMON)
                0x00800292                PROVIDE (__bss_end, .)
                0x0000457e                __data_load_start = LOADADDR (.data)
                0x0000460c                __data_load_end = (__data_load_start + SIZEOF (.data))

.noinit         0x00800292        0x0
                [!provide]                PROVIDE (__noinit_start, .)
 *(.noinit*)
                [!provide]                PROVIDE (__noinit_end, .)
                0x00800292                _end = .
                [!provide]                PROVIDE (__heap_start, .)

.eeprom         0x00810000        0x0
 *(.eeprom*)
                0x00810000                __eeprom_end = .

.fuse
 *(.fuse)
 *(.lfuse)
 *(.hfuse)
 *(.efuse)

.lock
 *(.lock*)

.signature
 *(.signature*)

.user_signatures
 *(.user_signatures*)

.stab
 *(.stab)

.stabstr
 *(.stabstr)

.stab.excl
 *(.stab.excl)

.stab.exclstr
 *(.stab.exclstr)

.stab.index
 *(.stab.index)

.stab.indexstr
 *(.stab.indexstr)

.comment        0x00000000       0x30
 *(.comment)
 .comment       0x00000000       0x30 main.o
                                 0x31 (size before relaxing)

.note.gnu.avr.deviceinfo
                0x00000000       0x3c
 .note.gnu.avr.deviceinfo
                0x00000000       0x3c C:/Program Files (x86)/Atmel/Studio/7.0/Packs/atmel/ATmega_DFP/1.7.374/gcc/dev/atmega640/avr5/crtatmega640.o

.note.gnu.build-id
 *(.note.gnu.build-id)

.debug
 *(.debug)

.line
 *(.line)

.debug_srcinfo
 *(.debug_srcinfo)

.debug_sfnames
 *(.debug_sfnames)

.debug_aranges  0x00000000      0x360
 *(.debug_aranges)
 .debug_aranges
                0x00000000      0x360 main.o

.debug_pubnames
 *(.debug_pubnames)

.debug_info     0x00000000     0x4326
 *(.debug_info .gnu.linkonce.wi.*)
 .debug_info    0x00000000      0xba9 C:/Program Files (x86)/Atmel/Studio/7.0/Packs/atmel/ATmega_DFP/1.7.374/gcc/dev/atmega640/avr5/crtatmega640.o
 .debug_info    0x00000ba9     0x377d main.o

.debug_abbrev   0x00000000     0x101b
 *(.debug_abbrev)
 .debug_abbrev  0x00000000      0xb08 C:/Program Files (x86)/Atmel/Studio/7.0/Packs/atmel/ATmega_DFP/1.7.374/gcc/dev/atmega640/avr5/crtatmega640.o
 .debug_abbrev  0x00000b08      0x513 main.o

.debug_line     0x00000000     0x22ad
 *(.debug_line .debug_line.* .debug_line_end)
 .debug_line    0x00000000      0x1ee C:/Program Files (x86)/Atmel/Studio/7.0/Packs/atmel/ATmega_DFP/1.7.374/gcc/dev/atmega640/avr5/crtatmega640.o
 .debug_line    0x000001ee     0x20bf main.o

.debug_frame    0x00000000      0xf64
 *(.debug_frame)
 .debug_frame   0x00000000      0xf64 main.o

.debug_str      0x00000000     0xa82e
 *(.debug_str)
 .debug_str     0x00000000      0x3e0 C:/Program Files (x86)/Atmel/Studio/7.0/Packs/atmel/ATmega_DFP/1.7.374/gcc/dev/atmega640/avr5/crtatmega640.o
 .debug_str     0x000003e0     0xa44e main.o
                               0xa616 (size before relaxing)

.debug_loc      0x00000000     0x22a4
 *(.debug_loc)
 .debug_loc     0x00000000     0x22a4 main.o

.debug_macinfo
 *(.debug_macinfo)

.debug_weaknames
 *(.debug_weaknames)

.debug_funcnames
 *(.debug_funcnames)

.debug_typenames
 *(.debug_typenames)

.debug_varnames
 *(.debug_varnames)

.debug_pubtypes
 *(.debug_pubtypes)

.debug_ranges   0x00000000      0x350
 *(.debug_ranges)
 .debug_ranges  0x00000000      0x350 main.o

.debug_macro    0x00000000     0x3637
 *(.debug_macro)
 .debug_macro   0x00000000       0xd4 main.o
 .debug_macro   0x000000d4      0xad2 main.o
 .debug_macro   0x00000ba6       0x10 main.o
 .debug_macro   0x00000bb6       0x1c main.o
 .debug_macro   0x00000bd2      0x1c9 main.o
 .debug_macro   0x00000d9b      0x2fc main.o
 .debug_macro   0x00001097       0x9e main.o
 .debug_macro   0x00001135     0x1fde main.o
 .debug_macro   0x00003113      0x2ea main.o
 .debug_macro   0x000033fd       0xd9 main.o
 .debug_macro   0x000034d6       0x34 main.o
 .debug_macro   0x0000350a       0x18 main.o
 .debug_macro   0x00003522       0x6c main.o
 .debug_macro   0x0000358e       0x69 main.o
 .debug_macro   0x000035f7       0x40 main.o
OUTPUT(bolera_code.elf elf32-avr)
LOAD linker stubs
